AllowAdminPasswordLogin: boolean
AllowIndefiniteTrust: boolean
AllowPasswordLoginOnLan: boolean
AllowPrivateNotificationTargets: boolean
AuditLogMaxEntries: number
BareDeviceIdBypassEnabled: boolean
BlockEmptyPasswordLogin: boolean
BypassForExternalAuthProviders: boolean
ChallengeTokenTtlSeconds: number
DefaultLanguage: string
DefaultMaxConcurrentSessions: number
DisablePasswordLogin: boolean
EmailOtpEnabled: boolean
EmailOtpTtlSeconds: number
EnablePasswordRecovery: boolean
Enabled: boolean
EnforcementScope: string
EnrollmentDeadline: string
ExemptAdministratorsFromLockout: boolean
GeoIpAsnDbPath: string
GeoIpCityDbPath: string
GeoIpCountryDbPath: string
GotifyAppToken: string
GotifyUrl: string
HibpEnabled: boolean
HideBuiltInForgotPassword: boolean
HideBuiltInPasskeyButton: boolean
HideBuiltInTwoFactorButton: boolean
ImpossibleTravelEnabled: boolean
ImpossibleTravelMaxKmh: number
IpBanDurationHours: number
IpBanEnabled: boolean
IpBanExemptCidrs: array
IpBanFailureThreshold: number
IpBanFailureWindowMinutes: number
LanBypassCidrs: []string
LanBypassEnabled: boolean
LockoutDurationMinutes: number
LoginLinksBelowQuickConnect: boolean
MaxFailedAttempts: number
NatHairpinSelfIpBypass: boolean
NotifyEmailAddresses: array
NtfyPassword: string
NtfyToken: string
NtfyTopic: string
NtfyUrl: string
NtfyUsername: string
OidcProviders: []object
OidcProviders[].AcrValues: string
OidcProviders[].AdditionalAllowedCidrs: string
OidcProviders[].AdminGroups: string
OidcProviders[].AllowAdminGroupElevation: boolean
OidcProviders[].AllowPrivateNetworks: boolean
OidcProviders[].AllowedGroups: string
OidcProviders[].ApplyRoleLibraryAccess: boolean
OidcProviders[].AutoCreateUsers: boolean
OidcProviders[].ButtonIconUrl: string
OidcProviders[].ButtonText: string
OidcProviders[].BypassPluginTwoFa: boolean
OidcProviders[].ClientId: string
OidcProviders[].ClientSecret: string
OidcProviders[].CreatedAt: string
OidcProviders[].DiscoveryUrl: string
OidcProviders[].DisplayName: string
OidcProviders[].EmailClaim: string
OidcProviders[].Enabled: boolean
OidcProviders[].ForceHttps: boolean
OidcProviders[].ForcePasswordSetup: boolean
OidcProviders[].Id: string
OidcProviders[].LinkExistingUsersByUsername: boolean
OidcProviders[].OmitPromptLogin: boolean
OidcProviders[].PictureClaim: string
OidcProviders[].Preset: string
OidcProviders[].PromptSelectAccount: boolean
OidcProviders[].RequireIdpMfa: boolean
OidcProviders[].RoleLibraryMappings: []object
OidcProviders[].RoleLibraryMappings[].LibraryIds: string
OidcProviders[].RoleLibraryMappings[].Role: string
OidcProviders[].RpInitiatedLogoutEnabled: boolean
OidcProviders[].RpInitiatedLogoutRedirectUri: string
OidcProviders[].Scopes: string
OidcProviders[].ShowLoginButton: boolean
OidcProviders[].SyncEmailFromClaim: boolean
OidcProviders[].SyncProfilePicture: boolean
OidcProviders[].TemplateUserId: string
OidcProviders[].UsernameClaim: string
OnboardingPasswordMinLength: number
OnboardingPasswordRequireDigit: boolean
OnboardingPasswordRequireLowercase: boolean
OnboardingPasswordRequireSymbol: boolean
OnboardingPasswordRequireUppercase: boolean
PairDeviceOnSecondScreenApproval: boolean
PairingCodeTtlSeconds: number
PasswordLoginExemptCidrs: array
PreVerifyWindowSeconds: number
PublicBaseUrl: string
RegisteredDeviceMaxAgeDays: number
RequireChallengeIpMatch: boolean
RequireForAllUsers: boolean
RequireTwoFactorToDisable: boolean
SelfServiceStepUpMode: string
SmtpFromAddress: string
SmtpFromName: string
SmtpHost: string
SmtpPassword: string
SmtpPort: number
SmtpUseSsl: boolean
SmtpUsername: string
StepUpLevel: string
StepUpWindowSeconds: number
TotpIssuerName: string
TrustCookieTtlDays: number
TrustForwardedFor: boolean
TrustedProxyCidrs: array
UserEmails: []object
UserEmails[].Email: string
UserEmails[].UserId: string
WebAuthnOrigins: array
WebAuthnRpId: string
WebhookEd25519PrivateKey: string
WebhookHeaders: array
WebhookSecret: string
WebhookUrl: string
