jellyfin_branding_configuration custom_css -> BrandingOptionsDto.CustomCss string
jellyfin_branding_configuration id -> identity
jellyfin_branding_configuration login_disclaimer -> BrandingOptionsDto.LoginDisclaimer string
jellyfin_branding_configuration splashscreen_enabled -> BrandingOptionsDto.SplashscreenEnabled boolean
jellyfin_branding_configuration splashscreen_location -> never sent
jellyfin_encoding_configuration allow_av1_encoding -> EncodingOptions.AllowAv1Encoding boolean
jellyfin_encoding_configuration allow_hevc_encoding -> EncodingOptions.AllowHevcEncoding boolean
jellyfin_encoding_configuration allow_on_demand_metadata_based_keyframe_extraction_for_extensions -> EncodingOptions.AllowOnDemandMetadataBasedKeyframeExtractionForExtensions []string
jellyfin_encoding_configuration deinterlace_double_rate -> EncodingOptions.DeinterlaceDoubleRate boolean
jellyfin_encoding_configuration deinterlace_method -> EncodingOptions.DeinterlaceMethod #DeinterlaceMethod
jellyfin_encoding_configuration down_mix_audio_boost -> EncodingOptions.DownMixAudioBoost number:double
jellyfin_encoding_configuration down_mix_stereo_algorithm -> EncodingOptions.DownMixStereoAlgorithm #DownMixStereoAlgorithms
jellyfin_encoding_configuration enable_audio_vbr -> EncodingOptions.EnableAudioVbr boolean
jellyfin_encoding_configuration enable_decoding_color_depth10_hevc -> EncodingOptions.EnableDecodingColorDepth10Hevc boolean
jellyfin_encoding_configuration enable_decoding_color_depth10_hevc_rext -> EncodingOptions.EnableDecodingColorDepth10HevcRext boolean
jellyfin_encoding_configuration enable_decoding_color_depth10_vp9 -> EncodingOptions.EnableDecodingColorDepth10Vp9 boolean
jellyfin_encoding_configuration enable_decoding_color_depth12_hevc_rext -> EncodingOptions.EnableDecodingColorDepth12HevcRext boolean
jellyfin_encoding_configuration enable_enhanced_nvdec_decoder -> EncodingOptions.EnableEnhancedNvdecDecoder boolean
jellyfin_encoding_configuration enable_fallback_font -> EncodingOptions.EnableFallbackFont boolean
jellyfin_encoding_configuration enable_hardware_encoding -> EncodingOptions.EnableHardwareEncoding boolean
jellyfin_encoding_configuration enable_intel_low_power_h264_hw_encoder -> EncodingOptions.EnableIntelLowPowerH264HwEncoder boolean
jellyfin_encoding_configuration enable_intel_low_power_hevc_hw_encoder -> EncodingOptions.EnableIntelLowPowerHevcHwEncoder boolean
jellyfin_encoding_configuration enable_segment_deletion -> EncodingOptions.EnableSegmentDeletion boolean
jellyfin_encoding_configuration enable_subtitle_extraction -> EncodingOptions.EnableSubtitleExtraction boolean
jellyfin_encoding_configuration enable_throttling -> EncodingOptions.EnableThrottling boolean
jellyfin_encoding_configuration enable_tonemapping -> EncodingOptions.EnableTonemapping boolean
jellyfin_encoding_configuration enable_video_toolbox_tonemapping -> EncodingOptions.EnableVideoToolboxTonemapping boolean
jellyfin_encoding_configuration enable_vpp_tonemapping -> EncodingOptions.EnableVppTonemapping boolean
jellyfin_encoding_configuration encoder_app_path -> EncodingOptions.EncoderAppPath string
jellyfin_encoding_configuration encoder_app_path_display -> EncodingOptions.EncoderAppPathDisplay string
jellyfin_encoding_configuration encoder_preset -> EncodingOptions.EncoderPreset #EncoderPreset
jellyfin_encoding_configuration encoding_thread_count -> EncodingOptions.EncodingThreadCount integer:int32
jellyfin_encoding_configuration fallback_font_path -> EncodingOptions.FallbackFontPath string
jellyfin_encoding_configuration h264_crf -> EncodingOptions.H264Crf integer:int32
jellyfin_encoding_configuration h265_crf -> EncodingOptions.H265Crf integer:int32
jellyfin_encoding_configuration hardware_acceleration_type -> EncodingOptions.HardwareAccelerationType #HardwareAccelerationType
jellyfin_encoding_configuration hardware_decoding_codecs -> EncodingOptions.HardwareDecodingCodecs []string
jellyfin_encoding_configuration hls_audio_seek_strategy -> EncodingOptions.HlsAudioSeekStrategy #HlsAudioSeekStrategy since=12.0
jellyfin_encoding_configuration id -> identity
jellyfin_encoding_configuration max_muxing_queue_size -> EncodingOptions.MaxMuxingQueueSize integer:int32
jellyfin_encoding_configuration prefer_system_native_hw_decoder -> EncodingOptions.PreferSystemNativeHwDecoder boolean
jellyfin_encoding_configuration qsv_device -> EncodingOptions.QsvDevice string
jellyfin_encoding_configuration segment_keep_seconds -> EncodingOptions.SegmentKeepSeconds integer:int32
jellyfin_encoding_configuration subtitle_extraction_timeout_minutes -> EncodingOptions.SubtitleExtractionTimeoutMinutes integer:int32 since=12.0
jellyfin_encoding_configuration throttle_delay_seconds -> EncodingOptions.ThrottleDelaySeconds integer:int32
jellyfin_encoding_configuration tonemapping_algorithm -> EncodingOptions.TonemappingAlgorithm #TonemappingAlgorithm
jellyfin_encoding_configuration tonemapping_desat -> EncodingOptions.TonemappingDesat number:double
jellyfin_encoding_configuration tonemapping_mode -> EncodingOptions.TonemappingMode #TonemappingMode
jellyfin_encoding_configuration tonemapping_param -> EncodingOptions.TonemappingParam number:double
jellyfin_encoding_configuration tonemapping_peak -> EncodingOptions.TonemappingPeak number:double
jellyfin_encoding_configuration tonemapping_range -> EncodingOptions.TonemappingRange #TonemappingRange
jellyfin_encoding_configuration transcoding_temp_path -> EncodingOptions.TranscodingTempPath string
jellyfin_encoding_configuration vaapi_device -> EncodingOptions.VaapiDevice string
jellyfin_encoding_configuration vpp_tonemapping_brightness -> EncodingOptions.VppTonemappingBrightness number:double
jellyfin_encoding_configuration vpp_tonemapping_contrast -> EncodingOptions.VppTonemappingContrast number:double
jellyfin_library (document) VirtualFolderInfo keeps PrimaryImageItemId, RefreshProgress, RefreshStatus
jellyfin_library LibraryOptions LibraryOptions keeps AllowEmbeddedSubtitles, AutomaticRefreshIntervalDays, AutomaticallyAddToCollection, CustomTagDelimiters, DelimiterWhitelist, DisabledLocalMetadataReaders, DisabledLyricFetchers, DisabledMediaSegmentProviders, EnableEmbeddedEpisodeInfos, EnableEmbeddedExtrasTitles, EnableEmbeddedTitles, EnableInternetProviders, EnableLUFSScan, EnableTrickplayImageExtraction, ExtractTrickplayImagesDuringLibraryScan, LyricFetcherOrder, MediaSegmentProviderOrder, MetadataSavers, PreferNonstandardArtistsTag, RequirePerfectSubtitleMatch, SaveLyricsWithMedia, SaveSubtitlesWithMedia, SaveTrickplayWithMedia, SkipSubtitlesIfAudioTrackMatches, SkipSubtitlesIfEmbeddedSubtitlesPresent, SubtitleDownloadLanguages, UseCustomTagDelimiters
jellyfin_library collection_type -> VirtualFolderInfo.CollectionType #CollectionTypeOptions
jellyfin_library id -> identity
jellyfin_library item_id -> VirtualFolderInfo.ItemId string read-only
jellyfin_library library_options -> VirtualFolderInfo.LibraryOptions #LibraryOptions document
jellyfin_library library_options.cache_images_in_library -> never sent
jellyfin_library library_options.chapter_image_interval_seconds -> never sent
jellyfin_library library_options.disabled -> LibraryOptions.Enabled boolean codec=inverted
jellyfin_library library_options.disabled_image_fetchers -> never sent
jellyfin_library library_options.disabled_metadata_fetchers -> never sent
jellyfin_library library_options.disabled_metadata_savers -> never sent
jellyfin_library library_options.disabled_subtitle_fetchers -> LibraryOptions.DisabledSubtitleFetchers []string
jellyfin_library library_options.download_images_in_advance -> never sent
jellyfin_library library_options.enable_automatic_series_grouping -> LibraryOptions.EnableAutomaticSeriesGrouping boolean
jellyfin_library library_options.enable_chapter_image_extraction -> LibraryOptions.EnableChapterImageExtraction boolean
jellyfin_library library_options.enable_emby_photos -> never sent
jellyfin_library library_options.enable_media_conversion -> never sent
jellyfin_library library_options.enable_photo_subtitle -> never sent
jellyfin_library library_options.enable_photos -> LibraryOptions.EnablePhotos boolean
jellyfin_library library_options.enable_realtime_monitor -> LibraryOptions.EnableRealtimeMonitor boolean
jellyfin_library library_options.extract_chapters_during_library_scan -> LibraryOptions.ExtractChapterImagesDuringLibraryScan boolean
jellyfin_library library_options.extract_media_information_during_library_scan -> never sent
jellyfin_library library_options.image_fetcher_order -> never sent
jellyfin_library library_options.import_missing_episodes -> never sent
jellyfin_library library_options.local_metadata_reader_order -> LibraryOptions.LocalMetadataReaderOrder []string
jellyfin_library library_options.metadata_country_code -> LibraryOptions.MetadataCountryCode string
jellyfin_library library_options.metadata_fetcher_order -> never sent
jellyfin_library library_options.metadata_refresh_mode -> never sent
jellyfin_library library_options.path_infos -> LibraryOptions.PathInfos []#MediaPathInfo
jellyfin_library library_options.path_infos.network_path -> MediaPathInfo.NetworkPath legacy until=10.10
jellyfin_library library_options.path_infos.password -> never sent
jellyfin_library library_options.path_infos.path -> MediaPathInfo.Path string
jellyfin_library library_options.path_infos.username -> never sent
jellyfin_library library_options.preferred_metadata_language -> LibraryOptions.PreferredMetadataLanguage string
jellyfin_library library_options.save_local_metadata -> LibraryOptions.SaveLocalMetadata boolean
jellyfin_library library_options.save_local_thumbnail_sets -> never sent
jellyfin_library library_options.season_zero_display_name -> LibraryOptions.SeasonZeroDisplayName string
jellyfin_library library_options.subtitle_fetcher_order -> LibraryOptions.SubtitleFetcherOrder []string
jellyfin_library library_options.subtitle_fetchers -> LibraryOptions.SubtitleFetcherOrder+DisabledSubtitleFetchers complement-of=SubtitleFetchers
jellyfin_library library_options.type_options -> LibraryOptions.TypeOptions []#TypeOptions merge-by=type
jellyfin_library library_options.type_options.image_fetcher_order -> TypeOptions.ImageFetcherOrder []string
jellyfin_library library_options.type_options.image_fetchers -> TypeOptions.ImageFetchers []string orders=ImageFetcherOrder spelt-as=ImageFetchers/type
jellyfin_library library_options.type_options.image_options -> TypeOptions.ImageOptions []#ImageOption merge-by=type
jellyfin_library library_options.type_options.image_options.limit -> ImageOption.Limit integer:int32
jellyfin_library library_options.type_options.image_options.min_width -> ImageOption.MinWidth integer:int32
jellyfin_library library_options.type_options.image_options.type -> ImageOption.Type #ImageType
jellyfin_library library_options.type_options.metadata_fetcher_order -> TypeOptions.MetadataFetcherOrder []string
jellyfin_library library_options.type_options.metadata_fetchers -> TypeOptions.MetadataFetchers []string orders=MetadataFetcherOrder spelt-as=MetadataFetchers/type
jellyfin_library library_options.type_options.similar_item_provider_order -> TypeOptions.SimilarItemProviderOrder []string since=12.0
jellyfin_library library_options.type_options.similar_item_providers -> TypeOptions.SimilarItemProviders []string since=12.0 orders=SimilarItemProviderOrder spelt-as=SimilarItemProviders/type
jellyfin_library library_options.type_options.type -> TypeOptions.Type string
jellyfin_library name -> VirtualFolderInfo.Name string
jellyfin_library paths -> VirtualFolderInfo.Locations []string
jellyfin_livetv_configuration enable_original_audio_with_encoded_recordings -> LiveTvOptions.EnableOriginalAudioWithEncodedRecordings boolean
jellyfin_livetv_configuration enable_recording_subfolders -> LiveTvOptions.EnableRecordingSubfolders boolean
jellyfin_livetv_configuration guide_days -> LiveTvOptions.GuideDays integer:int32
jellyfin_livetv_configuration id -> identity
jellyfin_livetv_configuration listing_providers -> LiveTvOptions.ListingProviders []#ListingsProviderInfo
jellyfin_livetv_configuration listing_providers.channel_mappings -> ListingsProviderInfo.ChannelMappings []#NameValuePair
jellyfin_livetv_configuration listing_providers.channel_mappings.name -> NameValuePair.Name string
jellyfin_livetv_configuration listing_providers.channel_mappings.value -> NameValuePair.Value string
jellyfin_livetv_configuration listing_providers.country -> ListingsProviderInfo.Country string
jellyfin_livetv_configuration listing_providers.enable_all_tuners -> ListingsProviderInfo.EnableAllTuners boolean
jellyfin_livetv_configuration listing_providers.enabled_tuners -> ListingsProviderInfo.EnabledTuners []string
jellyfin_livetv_configuration listing_providers.id -> ListingsProviderInfo.Id string
jellyfin_livetv_configuration listing_providers.kids_categories -> ListingsProviderInfo.KidsCategories []string
jellyfin_livetv_configuration listing_providers.listings_id -> ListingsProviderInfo.ListingsId string
jellyfin_livetv_configuration listing_providers.movie_categories -> ListingsProviderInfo.MovieCategories []string
jellyfin_livetv_configuration listing_providers.movie_prefix -> ListingsProviderInfo.MoviePrefix string
jellyfin_livetv_configuration listing_providers.news_categories -> ListingsProviderInfo.NewsCategories []string
jellyfin_livetv_configuration listing_providers.password -> ListingsProviderInfo.Password string
jellyfin_livetv_configuration listing_providers.path -> ListingsProviderInfo.Path string
jellyfin_livetv_configuration listing_providers.preferred_language -> ListingsProviderInfo.PreferredLanguage string
jellyfin_livetv_configuration listing_providers.sports_categories -> ListingsProviderInfo.SportsCategories []string
jellyfin_livetv_configuration listing_providers.type -> ListingsProviderInfo.Type string
jellyfin_livetv_configuration listing_providers.user_agent -> ListingsProviderInfo.UserAgent string
jellyfin_livetv_configuration listing_providers.username -> ListingsProviderInfo.Username string
jellyfin_livetv_configuration listing_providers.zip_code -> ListingsProviderInfo.ZipCode string
jellyfin_livetv_configuration media_locations_created -> LiveTvOptions.MediaLocationsCreated []string
jellyfin_livetv_configuration movie_recording_path -> LiveTvOptions.MovieRecordingPath string
jellyfin_livetv_configuration post_padding_seconds -> LiveTvOptions.PostPaddingSeconds integer:int32
jellyfin_livetv_configuration pre_padding_seconds -> LiveTvOptions.PrePaddingSeconds integer:int32
jellyfin_livetv_configuration recording_path -> LiveTvOptions.RecordingPath string
jellyfin_livetv_configuration recording_post_processor -> LiveTvOptions.RecordingPostProcessor string
jellyfin_livetv_configuration recording_post_processor_arguments -> LiveTvOptions.RecordingPostProcessorArguments string
jellyfin_livetv_configuration save_recording_images -> LiveTvOptions.SaveRecordingImages boolean
jellyfin_livetv_configuration save_recording_nfo -> LiveTvOptions.SaveRecordingNFO boolean
jellyfin_livetv_configuration series_recording_path -> LiveTvOptions.SeriesRecordingPath string
jellyfin_livetv_configuration tuner_hosts -> LiveTvOptions.TunerHosts []#TunerHostInfo
jellyfin_livetv_configuration tuner_hosts.allow_fmp4_transcoding_container -> TunerHostInfo.AllowFmp4TranscodingContainer boolean
jellyfin_livetv_configuration tuner_hosts.allow_hw_transcoding -> TunerHostInfo.AllowHWTranscoding boolean
jellyfin_livetv_configuration tuner_hosts.allow_stream_sharing -> TunerHostInfo.AllowStreamSharing boolean
jellyfin_livetv_configuration tuner_hosts.device_id -> TunerHostInfo.DeviceId string
jellyfin_livetv_configuration tuner_hosts.enable_stream_looping -> TunerHostInfo.EnableStreamLooping boolean
jellyfin_livetv_configuration tuner_hosts.fallback_max_streaming_bitrate -> TunerHostInfo.FallbackMaxStreamingBitrate integer:int32
jellyfin_livetv_configuration tuner_hosts.friendly_name -> TunerHostInfo.FriendlyName string
jellyfin_livetv_configuration tuner_hosts.id -> TunerHostInfo.Id string
jellyfin_livetv_configuration tuner_hosts.ignore_dts -> TunerHostInfo.IgnoreDts boolean
jellyfin_livetv_configuration tuner_hosts.import_favorites_only -> TunerHostInfo.ImportFavoritesOnly boolean
jellyfin_livetv_configuration tuner_hosts.read_at_native_framerate -> TunerHostInfo.ReadAtNativeFramerate boolean
jellyfin_livetv_configuration tuner_hosts.source -> TunerHostInfo.Source string
jellyfin_livetv_configuration tuner_hosts.tuner_count -> TunerHostInfo.TunerCount integer:int32
jellyfin_livetv_configuration tuner_hosts.type -> TunerHostInfo.Type string
jellyfin_livetv_configuration tuner_hosts.url -> TunerHostInfo.Url string
jellyfin_livetv_configuration tuner_hosts.user_agent -> TunerHostInfo.UserAgent string
jellyfin_metadata_configuration id -> identity
jellyfin_metadata_configuration use_file_creation_time_for_date_added -> MetadataConfiguration.UseFileCreationTimeForDateAdded boolean
jellyfin_networking_configuration auto_discovery -> NetworkConfiguration.AutoDiscovery boolean
jellyfin_networking_configuration base_url -> NetworkConfiguration.BaseUrl string
jellyfin_networking_configuration certificate_password -> NetworkConfiguration.CertificatePassword string
jellyfin_networking_configuration certificate_path -> NetworkConfiguration.CertificatePath string
jellyfin_networking_configuration enable_https -> NetworkConfiguration.EnableHttps boolean
jellyfin_networking_configuration enable_ipv4 -> NetworkConfiguration.EnableIPv4 boolean
jellyfin_networking_configuration enable_ipv6 -> NetworkConfiguration.EnableIPv6 boolean
jellyfin_networking_configuration enable_published_server_uri_by_request -> NetworkConfiguration.EnablePublishedServerUriByRequest boolean
jellyfin_networking_configuration enable_remote_access -> NetworkConfiguration.EnableRemoteAccess boolean
jellyfin_networking_configuration enable_upnp -> NetworkConfiguration.EnableUPnP boolean
jellyfin_networking_configuration id -> identity
jellyfin_networking_configuration ignore_virtual_interfaces -> NetworkConfiguration.IgnoreVirtualInterfaces boolean
jellyfin_networking_configuration internal_http_port -> NetworkConfiguration.InternalHttpPort integer:int32
jellyfin_networking_configuration internal_https_port -> NetworkConfiguration.InternalHttpsPort integer:int32
jellyfin_networking_configuration is_remote_ip_filter_blacklist -> NetworkConfiguration.IsRemoteIPFilterBlacklist boolean
jellyfin_networking_configuration known_proxies -> NetworkConfiguration.KnownProxies []string
jellyfin_networking_configuration local_network_addresses -> NetworkConfiguration.LocalNetworkAddresses []string
jellyfin_networking_configuration local_network_subnets -> NetworkConfiguration.LocalNetworkSubnets []string
jellyfin_networking_configuration public_http_port -> NetworkConfiguration.PublicHttpPort integer:int32
jellyfin_networking_configuration public_https_port -> NetworkConfiguration.PublicHttpsPort integer:int32
jellyfin_networking_configuration published_server_uri_by_subnet -> NetworkConfiguration.PublishedServerUriBySubnet []string
jellyfin_networking_configuration remote_ip_filter -> NetworkConfiguration.RemoteIPFilter []string
jellyfin_networking_configuration require_https -> NetworkConfiguration.RequireHttps boolean
jellyfin_networking_configuration virtual_interface_names -> NetworkConfiguration.VirtualInterfaceNames []string
jellyfin_scheduled_task (document) TaskInfo keeps Category, CurrentProgressPercentage, Description, Id, IsHidden, LastExecutionResult, Name, State
jellyfin_scheduled_task id -> identity
jellyfin_scheduled_task key -> TaskInfo.Key string
jellyfin_scheduled_task task_id -> identity
jellyfin_scheduled_task triggers -> TaskInfo.Triggers []#TaskTriggerInfo read-missing-as=[]
jellyfin_scheduled_task triggers.day_of_week -> TaskTriggerInfo.DayOfWeek #DayOfWeek null-clears
jellyfin_scheduled_task triggers.interval_ticks -> TaskTriggerInfo.IntervalTicks integer:int64 null-clears
jellyfin_scheduled_task triggers.max_runtime_ticks -> TaskTriggerInfo.MaxRuntimeTicks integer:int64 null-clears
jellyfin_scheduled_task triggers.time_of_day_ticks -> TaskTriggerInfo.TimeOfDayTicks integer:int64 null-clears
jellyfin_scheduled_task triggers.type -> TaskTriggerInfo.Type #TaskTriggerInfoType
jellyfin_security_plugin_configuration (document) JellyfinSecurity keeps RequireForAllUsers
jellyfin_security_plugin_configuration allow_admin_password_login -> JellyfinSecurity.AllowAdminPasswordLogin boolean
jellyfin_security_plugin_configuration allow_indefinite_trust -> JellyfinSecurity.AllowIndefiniteTrust boolean read-missing-as=false
jellyfin_security_plugin_configuration allow_password_login_on_lan -> JellyfinSecurity.AllowPasswordLoginOnLan boolean
jellyfin_security_plugin_configuration allow_private_notification_targets -> JellyfinSecurity.AllowPrivateNotificationTargets boolean
jellyfin_security_plugin_configuration audit_log_max_entries -> JellyfinSecurity.AuditLogMaxEntries number
jellyfin_security_plugin_configuration bare_device_id_bypass_enabled -> JellyfinSecurity.BareDeviceIdBypassEnabled boolean
jellyfin_security_plugin_configuration block_empty_password_login -> JellyfinSecurity.BlockEmptyPasswordLogin boolean
jellyfin_security_plugin_configuration bypass_for_external_auth_providers -> JellyfinSecurity.BypassForExternalAuthProviders boolean
jellyfin_security_plugin_configuration challenge_token_ttl_seconds -> JellyfinSecurity.ChallengeTokenTtlSeconds number
jellyfin_security_plugin_configuration default_language -> JellyfinSecurity.DefaultLanguage string
jellyfin_security_plugin_configuration default_max_concurrent_sessions -> JellyfinSecurity.DefaultMaxConcurrentSessions number
jellyfin_security_plugin_configuration disable_password_login -> JellyfinSecurity.DisablePasswordLogin boolean
jellyfin_security_plugin_configuration email_otp_enabled -> JellyfinSecurity.EmailOtpEnabled boolean
jellyfin_security_plugin_configuration email_otp_ttl_seconds -> JellyfinSecurity.EmailOtpTtlSeconds number
jellyfin_security_plugin_configuration enable_password_recovery -> JellyfinSecurity.EnablePasswordRecovery boolean
jellyfin_security_plugin_configuration enabled -> JellyfinSecurity.Enabled boolean
jellyfin_security_plugin_configuration enforcement_scope -> JellyfinSecurity.EnforcementScope string
jellyfin_security_plugin_configuration enrollment_deadline -> JellyfinSecurity.EnrollmentDeadline string codec=same-instant read-missing-as=""
jellyfin_security_plugin_configuration exempt_administrators_from_lockout -> JellyfinSecurity.ExemptAdministratorsFromLockout boolean
jellyfin_security_plugin_configuration geo_ip_asn_db_path -> JellyfinSecurity.GeoIpAsnDbPath string
jellyfin_security_plugin_configuration geo_ip_city_db_path -> JellyfinSecurity.GeoIpCityDbPath string
jellyfin_security_plugin_configuration geo_ip_country_db_path -> JellyfinSecurity.GeoIpCountryDbPath string
jellyfin_security_plugin_configuration gotify_app_token -> JellyfinSecurity.GotifyAppToken string
jellyfin_security_plugin_configuration gotify_url -> JellyfinSecurity.GotifyUrl string
jellyfin_security_plugin_configuration hibp_enabled -> JellyfinSecurity.HibpEnabled boolean
jellyfin_security_plugin_configuration hide_builtin_forgot_password -> JellyfinSecurity.HideBuiltInForgotPassword boolean
jellyfin_security_plugin_configuration hide_builtin_passkey_button -> JellyfinSecurity.HideBuiltInPasskeyButton boolean
jellyfin_security_plugin_configuration hide_builtin_two_factor_button -> JellyfinSecurity.HideBuiltInTwoFactorButton boolean
jellyfin_security_plugin_configuration id -> identity
jellyfin_security_plugin_configuration impossible_travel_enabled -> JellyfinSecurity.ImpossibleTravelEnabled boolean
jellyfin_security_plugin_configuration impossible_travel_max_kmh -> JellyfinSecurity.ImpossibleTravelMaxKmh number
jellyfin_security_plugin_configuration ip_ban_duration_hours -> JellyfinSecurity.IpBanDurationHours number
jellyfin_security_plugin_configuration ip_ban_enabled -> JellyfinSecurity.IpBanEnabled boolean
jellyfin_security_plugin_configuration ip_ban_exempt_cidrs -> JellyfinSecurity.IpBanExemptCidrs []string
jellyfin_security_plugin_configuration ip_ban_failure_threshold -> JellyfinSecurity.IpBanFailureThreshold number
jellyfin_security_plugin_configuration ip_ban_failure_window_minutes -> JellyfinSecurity.IpBanFailureWindowMinutes number
jellyfin_security_plugin_configuration lan_bypass_cidrs -> JellyfinSecurity.LanBypassCidrs []string
jellyfin_security_plugin_configuration lan_bypass_enabled -> JellyfinSecurity.LanBypassEnabled boolean
jellyfin_security_plugin_configuration lockout_duration_minutes -> JellyfinSecurity.LockoutDurationMinutes number
jellyfin_security_plugin_configuration login_links_below_quick_connect -> JellyfinSecurity.LoginLinksBelowQuickConnect boolean
jellyfin_security_plugin_configuration max_failed_attempts -> JellyfinSecurity.MaxFailedAttempts number
jellyfin_security_plugin_configuration nat_hairpin_self_ip_bypass -> JellyfinSecurity.NatHairpinSelfIpBypass boolean
jellyfin_security_plugin_configuration notify_email_addresses -> JellyfinSecurity.NotifyEmailAddresses []string
jellyfin_security_plugin_configuration ntfy_password -> JellyfinSecurity.NtfyPassword string
jellyfin_security_plugin_configuration ntfy_token -> JellyfinSecurity.NtfyToken string
jellyfin_security_plugin_configuration ntfy_topic -> JellyfinSecurity.NtfyTopic string
jellyfin_security_plugin_configuration ntfy_url -> JellyfinSecurity.NtfyUrl string
jellyfin_security_plugin_configuration ntfy_username -> JellyfinSecurity.NtfyUsername string
jellyfin_security_plugin_configuration oidc_providers -> JellyfinSecurity.OidcProviders []object carries=CreatedAt/id
jellyfin_security_plugin_configuration oidc_providers.acr_values -> JellyfinSecurity.OidcProviders[].AcrValues string codec=delimited(" ")
jellyfin_security_plugin_configuration oidc_providers.additional_allowed_cidrs -> JellyfinSecurity.OidcProviders[].AdditionalAllowedCidrs string codec=delimited(",")
jellyfin_security_plugin_configuration oidc_providers.admin_groups -> JellyfinSecurity.OidcProviders[].AdminGroups string codec=delimited(",")
jellyfin_security_plugin_configuration oidc_providers.allow_admin_group_elevation -> JellyfinSecurity.OidcProviders[].AllowAdminGroupElevation boolean
jellyfin_security_plugin_configuration oidc_providers.allow_private_networks -> JellyfinSecurity.OidcProviders[].AllowPrivateNetworks boolean
jellyfin_security_plugin_configuration oidc_providers.allowed_groups -> JellyfinSecurity.OidcProviders[].AllowedGroups string codec=delimited(",")
jellyfin_security_plugin_configuration oidc_providers.apply_role_library_access -> JellyfinSecurity.OidcProviders[].ApplyRoleLibraryAccess boolean
jellyfin_security_plugin_configuration oidc_providers.auto_create_users -> JellyfinSecurity.OidcProviders[].AutoCreateUsers boolean
jellyfin_security_plugin_configuration oidc_providers.button_icon_url -> JellyfinSecurity.OidcProviders[].ButtonIconUrl string
jellyfin_security_plugin_configuration oidc_providers.button_text -> JellyfinSecurity.OidcProviders[].ButtonText string
jellyfin_security_plugin_configuration oidc_providers.bypass_plugin_two_fa -> JellyfinSecurity.OidcProviders[].BypassPluginTwoFa boolean
jellyfin_security_plugin_configuration oidc_providers.client_id -> JellyfinSecurity.OidcProviders[].ClientId string
jellyfin_security_plugin_configuration oidc_providers.client_secret -> JellyfinSecurity.OidcProviders[].ClientSecret string
jellyfin_security_plugin_configuration oidc_providers.created_at -> JellyfinSecurity.OidcProviders[].CreatedAt string read-only
jellyfin_security_plugin_configuration oidc_providers.discovery_url -> JellyfinSecurity.OidcProviders[].DiscoveryUrl string
jellyfin_security_plugin_configuration oidc_providers.display_name -> JellyfinSecurity.OidcProviders[].DisplayName string
jellyfin_security_plugin_configuration oidc_providers.email_claim -> JellyfinSecurity.OidcProviders[].EmailClaim string
jellyfin_security_plugin_configuration oidc_providers.enabled -> JellyfinSecurity.OidcProviders[].Enabled boolean
jellyfin_security_plugin_configuration oidc_providers.force_https -> JellyfinSecurity.OidcProviders[].ForceHttps boolean
jellyfin_security_plugin_configuration oidc_providers.force_password_setup -> JellyfinSecurity.OidcProviders[].ForcePasswordSetup boolean
jellyfin_security_plugin_configuration oidc_providers.id -> JellyfinSecurity.OidcProviders[].Id string
jellyfin_security_plugin_configuration oidc_providers.link_existing_users_by_username -> JellyfinSecurity.OidcProviders[].LinkExistingUsersByUsername boolean
jellyfin_security_plugin_configuration oidc_providers.omit_prompt_login -> JellyfinSecurity.OidcProviders[].OmitPromptLogin boolean
jellyfin_security_plugin_configuration oidc_providers.picture_claim -> JellyfinSecurity.OidcProviders[].PictureClaim string
jellyfin_security_plugin_configuration oidc_providers.preset -> JellyfinSecurity.OidcProviders[].Preset string
jellyfin_security_plugin_configuration oidc_providers.prompt_select_account -> JellyfinSecurity.OidcProviders[].PromptSelectAccount boolean
jellyfin_security_plugin_configuration oidc_providers.require_idp_mfa -> JellyfinSecurity.OidcProviders[].RequireIdpMfa boolean
jellyfin_security_plugin_configuration oidc_providers.role_library_mappings -> JellyfinSecurity.OidcProviders[].RoleLibraryMappings []object
jellyfin_security_plugin_configuration oidc_providers.role_library_mappings.library_ids -> JellyfinSecurity.OidcProviders[].RoleLibraryMappings[].LibraryIds string codec=delimited(",")
jellyfin_security_plugin_configuration oidc_providers.role_library_mappings.role -> JellyfinSecurity.OidcProviders[].RoleLibraryMappings[].Role string
jellyfin_security_plugin_configuration oidc_providers.rp_initiated_logout_enabled -> JellyfinSecurity.OidcProviders[].RpInitiatedLogoutEnabled boolean
jellyfin_security_plugin_configuration oidc_providers.rp_initiated_logout_redirect_uri -> JellyfinSecurity.OidcProviders[].RpInitiatedLogoutRedirectUri string
jellyfin_security_plugin_configuration oidc_providers.scopes -> JellyfinSecurity.OidcProviders[].Scopes string codec=delimited(" ")
jellyfin_security_plugin_configuration oidc_providers.show_login_button -> JellyfinSecurity.OidcProviders[].ShowLoginButton boolean
jellyfin_security_plugin_configuration oidc_providers.sync_email_from_claim -> JellyfinSecurity.OidcProviders[].SyncEmailFromClaim boolean
jellyfin_security_plugin_configuration oidc_providers.sync_profile_picture -> JellyfinSecurity.OidcProviders[].SyncProfilePicture boolean
jellyfin_security_plugin_configuration oidc_providers.template_user_id -> JellyfinSecurity.OidcProviders[].TemplateUserId string
jellyfin_security_plugin_configuration oidc_providers.username_claim -> JellyfinSecurity.OidcProviders[].UsernameClaim string
jellyfin_security_plugin_configuration onboarding_password_min_length -> JellyfinSecurity.OnboardingPasswordMinLength number
jellyfin_security_plugin_configuration onboarding_password_require_digit -> JellyfinSecurity.OnboardingPasswordRequireDigit boolean read-missing-as=false
jellyfin_security_plugin_configuration onboarding_password_require_lowercase -> JellyfinSecurity.OnboardingPasswordRequireLowercase boolean read-missing-as=false
jellyfin_security_plugin_configuration onboarding_password_require_symbol -> JellyfinSecurity.OnboardingPasswordRequireSymbol boolean read-missing-as=false
jellyfin_security_plugin_configuration onboarding_password_require_uppercase -> JellyfinSecurity.OnboardingPasswordRequireUppercase boolean read-missing-as=false
jellyfin_security_plugin_configuration pair_device_on_second_screen_approval -> JellyfinSecurity.PairDeviceOnSecondScreenApproval boolean
jellyfin_security_plugin_configuration pairing_code_ttl_seconds -> JellyfinSecurity.PairingCodeTtlSeconds number
jellyfin_security_plugin_configuration password_login_exempt_cidrs -> JellyfinSecurity.PasswordLoginExemptCidrs []string
jellyfin_security_plugin_configuration plugin_id -> identity
jellyfin_security_plugin_configuration pre_verify_window_seconds -> JellyfinSecurity.PreVerifyWindowSeconds number
jellyfin_security_plugin_configuration public_base_url -> JellyfinSecurity.PublicBaseUrl string
jellyfin_security_plugin_configuration registered_device_max_age_days -> JellyfinSecurity.RegisteredDeviceMaxAgeDays number
jellyfin_security_plugin_configuration require_challenge_ip_match -> JellyfinSecurity.RequireChallengeIpMatch boolean
jellyfin_security_plugin_configuration require_two_factor_to_disable -> JellyfinSecurity.RequireTwoFactorToDisable boolean
jellyfin_security_plugin_configuration self_service_step_up_mode -> JellyfinSecurity.SelfServiceStepUpMode string
jellyfin_security_plugin_configuration smtp_from_address -> JellyfinSecurity.SmtpFromAddress string
jellyfin_security_plugin_configuration smtp_from_name -> JellyfinSecurity.SmtpFromName string
jellyfin_security_plugin_configuration smtp_host -> JellyfinSecurity.SmtpHost string
jellyfin_security_plugin_configuration smtp_password -> JellyfinSecurity.SmtpPassword string
jellyfin_security_plugin_configuration smtp_port -> JellyfinSecurity.SmtpPort number
jellyfin_security_plugin_configuration smtp_use_ssl -> JellyfinSecurity.SmtpUseSsl boolean
jellyfin_security_plugin_configuration smtp_username -> JellyfinSecurity.SmtpUsername string
jellyfin_security_plugin_configuration step_up_level -> JellyfinSecurity.StepUpLevel string
jellyfin_security_plugin_configuration step_up_window_seconds -> JellyfinSecurity.StepUpWindowSeconds number
jellyfin_security_plugin_configuration totp_issuer_name -> JellyfinSecurity.TotpIssuerName string
jellyfin_security_plugin_configuration trust_cookie_ttl_days -> JellyfinSecurity.TrustCookieTtlDays number
jellyfin_security_plugin_configuration trust_forwarded_for -> JellyfinSecurity.TrustForwardedFor boolean
jellyfin_security_plugin_configuration trusted_proxy_cidrs -> JellyfinSecurity.TrustedProxyCidrs []string
jellyfin_security_plugin_configuration user_emails -> JellyfinSecurity.UserEmails []object
jellyfin_security_plugin_configuration user_emails.email -> JellyfinSecurity.UserEmails[].Email string
jellyfin_security_plugin_configuration user_emails.user_id -> JellyfinSecurity.UserEmails[].UserId string
jellyfin_security_plugin_configuration webauthn_origins -> JellyfinSecurity.WebAuthnOrigins []string
jellyfin_security_plugin_configuration webauthn_rp_id -> JellyfinSecurity.WebAuthnRpId string
jellyfin_security_plugin_configuration webhook_ed25519_private_key -> JellyfinSecurity.WebhookEd25519PrivateKey string
jellyfin_security_plugin_configuration webhook_headers -> JellyfinSecurity.WebhookHeaders []string
jellyfin_security_plugin_configuration webhook_secret -> JellyfinSecurity.WebhookSecret string
jellyfin_security_plugin_configuration webhook_url -> JellyfinSecurity.WebhookUrl string
jellyfin_system_configuration (document) ServerConfiguration keeps IsStartupWizardCompleted, PluginRepositories, PreviousVersion, PreviousVersionStr
jellyfin_system_configuration activity_log_retention_days -> ServerConfiguration.ActivityLogRetentionDays integer:int32
jellyfin_system_configuration allow_client_log_upload -> ServerConfiguration.AllowClientLogUpload boolean
jellyfin_system_configuration cache_path -> ServerConfiguration.CachePath string
jellyfin_system_configuration cache_size -> ServerConfiguration.CacheSize integer:int32
jellyfin_system_configuration cast_receiver_applications -> ServerConfiguration.CastReceiverApplications []#CastReceiverApplication
jellyfin_system_configuration cast_receiver_applications.id -> CastReceiverApplication.Id string
jellyfin_system_configuration cast_receiver_applications.name -> CastReceiverApplication.Name string
jellyfin_system_configuration chapter_image_resolution -> ServerConfiguration.ChapterImageResolution #ImageResolution
jellyfin_system_configuration codecs_used -> ServerConfiguration.CodecsUsed []string
jellyfin_system_configuration content_types -> ServerConfiguration.ContentTypes []#NameValuePair
jellyfin_system_configuration content_types.name -> NameValuePair.Name string
jellyfin_system_configuration content_types.value -> NameValuePair.Value string
jellyfin_system_configuration cors_hosts -> ServerConfiguration.CorsHosts []string
jellyfin_system_configuration disable_live_tv_channel_user_data_name -> ServerConfiguration.DisableLiveTvChannelUserDataName boolean
jellyfin_system_configuration display_specials_within_seasons -> ServerConfiguration.DisplaySpecialsWithinSeasons boolean
jellyfin_system_configuration dummy_chapter_duration -> ServerConfiguration.DummyChapterDuration integer:int32
jellyfin_system_configuration enable_case_sensitive_item_ids -> ServerConfiguration.EnableCaseSensitiveItemIds boolean
jellyfin_system_configuration enable_external_content_in_suggestions -> ServerConfiguration.EnableExternalContentInSuggestions boolean
jellyfin_system_configuration enable_folder_view -> ServerConfiguration.EnableFolderView boolean
jellyfin_system_configuration enable_grouping_movies_into_collections -> ServerConfiguration.EnableGroupingMoviesIntoCollections boolean
jellyfin_system_configuration enable_grouping_shows_into_collections -> ServerConfiguration.EnableGroupingShowsIntoCollections boolean
jellyfin_system_configuration enable_legacy_authorization -> ServerConfiguration.EnableLegacyAuthorization boolean
jellyfin_system_configuration enable_metrics -> ServerConfiguration.EnableMetrics boolean
jellyfin_system_configuration enable_normalized_item_by_name_ids -> ServerConfiguration.EnableNormalizedItemByNameIds boolean
jellyfin_system_configuration enable_slow_response_warning -> ServerConfiguration.EnableSlowResponseWarning boolean
jellyfin_system_configuration id -> identity
jellyfin_system_configuration image_extraction_timeout_ms -> ServerConfiguration.ImageExtractionTimeoutMs integer:int32
jellyfin_system_configuration image_saving_convention -> ServerConfiguration.ImageSavingConvention #ImageSavingConvention
jellyfin_system_configuration inactive_session_threshold -> ServerConfiguration.InactiveSessionThreshold integer:int32
jellyfin_system_configuration is_port_authorized -> ServerConfiguration.IsPortAuthorized boolean
jellyfin_system_configuration library_metadata_refresh_concurrency -> ServerConfiguration.LibraryMetadataRefreshConcurrency integer:int32
jellyfin_system_configuration library_monitor_delay -> ServerConfiguration.LibraryMonitorDelay integer:int32
jellyfin_system_configuration library_scan_fanout_concurrency -> ServerConfiguration.LibraryScanFanoutConcurrency integer:int32
jellyfin_system_configuration library_update_duration -> ServerConfiguration.LibraryUpdateDuration integer:int32
jellyfin_system_configuration log_file_retention_days -> ServerConfiguration.LogFileRetentionDays integer:int32
jellyfin_system_configuration max_audiobook_resume -> ServerConfiguration.MaxAudiobookResume integer:int32
jellyfin_system_configuration max_resume_pct -> ServerConfiguration.MaxResumePct integer:int32
jellyfin_system_configuration metadata_country_code -> ServerConfiguration.MetadataCountryCode string
jellyfin_system_configuration metadata_options -> ServerConfiguration.MetadataOptions []#MetadataOptions
jellyfin_system_configuration metadata_options.disabled_image_fetchers -> MetadataOptions.DisabledImageFetchers []string
jellyfin_system_configuration metadata_options.disabled_metadata_fetchers -> MetadataOptions.DisabledMetadataFetchers []string
jellyfin_system_configuration metadata_options.disabled_metadata_savers -> MetadataOptions.DisabledMetadataSavers []string
jellyfin_system_configuration metadata_options.image_fetcher_order -> MetadataOptions.ImageFetcherOrder []string
jellyfin_system_configuration metadata_options.image_fetchers -> MetadataOptions.ImageFetcherOrder+DisabledImageFetchers complement-of=ImageFetchers/item_type
jellyfin_system_configuration metadata_options.item_type -> MetadataOptions.ItemType string
jellyfin_system_configuration metadata_options.local_metadata_reader_order -> MetadataOptions.LocalMetadataReaderOrder []string
jellyfin_system_configuration metadata_options.metadata_fetcher_order -> MetadataOptions.MetadataFetcherOrder []string
jellyfin_system_configuration metadata_options.metadata_fetchers -> MetadataOptions.MetadataFetcherOrder+DisabledMetadataFetchers complement-of=MetadataFetchers/item_type
jellyfin_system_configuration metadata_path -> ServerConfiguration.MetadataPath string
jellyfin_system_configuration min_audiobook_resume -> ServerConfiguration.MinAudiobookResume integer:int32
jellyfin_system_configuration min_resume_duration_seconds -> ServerConfiguration.MinResumeDurationSeconds integer:int32
jellyfin_system_configuration min_resume_pct -> ServerConfiguration.MinResumePct integer:int32
jellyfin_system_configuration parallel_image_encoding_limit -> ServerConfiguration.ParallelImageEncodingLimit integer:int32
jellyfin_system_configuration path_substitutions -> ServerConfiguration.PathSubstitutions []#PathSubstitution
jellyfin_system_configuration path_substitutions.from -> PathSubstitution.From string
jellyfin_system_configuration path_substitutions.to -> PathSubstitution.To string
jellyfin_system_configuration preferred_metadata_language -> ServerConfiguration.PreferredMetadataLanguage string
jellyfin_system_configuration quick_connect_available -> ServerConfiguration.QuickConnectAvailable boolean
jellyfin_system_configuration remote_client_bitrate_limit -> ServerConfiguration.RemoteClientBitrateLimit integer:int32
jellyfin_system_configuration save_metadata_hidden -> ServerConfiguration.SaveMetadataHidden boolean
jellyfin_system_configuration server_name -> ServerConfiguration.ServerName string
jellyfin_system_configuration skip_deserialization_for_basic_types -> ServerConfiguration.SkipDeserializationForBasicTypes boolean
jellyfin_system_configuration slow_response_threshold_ms -> ServerConfiguration.SlowResponseThresholdMs integer:int64
jellyfin_system_configuration sort_remove_characters -> ServerConfiguration.SortRemoveCharacters []string
jellyfin_system_configuration sort_remove_words -> ServerConfiguration.SortRemoveWords []string
jellyfin_system_configuration sort_replace_characters -> ServerConfiguration.SortReplaceCharacters []string
jellyfin_system_configuration trickplay_options -> ServerConfiguration.TrickplayOptions #TrickplayOptions
jellyfin_system_configuration trickplay_options.enable_hw_acceleration -> TrickplayOptions.EnableHwAcceleration boolean
jellyfin_system_configuration trickplay_options.enable_hw_encoding -> TrickplayOptions.EnableHwEncoding boolean
jellyfin_system_configuration trickplay_options.enable_key_frame_only_extraction -> TrickplayOptions.EnableKeyFrameOnlyExtraction boolean
jellyfin_system_configuration trickplay_options.interval -> TrickplayOptions.Interval integer:int32
jellyfin_system_configuration trickplay_options.jpeg_quality -> TrickplayOptions.JpegQuality integer:int32
jellyfin_system_configuration trickplay_options.process_priority -> TrickplayOptions.ProcessPriority #ProcessPriorityClass
jellyfin_system_configuration trickplay_options.process_threads -> TrickplayOptions.ProcessThreads integer:int32
jellyfin_system_configuration trickplay_options.qscale -> TrickplayOptions.Qscale integer:int32
jellyfin_system_configuration trickplay_options.scan_behavior -> TrickplayOptions.ScanBehavior #TrickplayScanBehavior
jellyfin_system_configuration trickplay_options.tile_height -> TrickplayOptions.TileHeight integer:int32
jellyfin_system_configuration trickplay_options.tile_width -> TrickplayOptions.TileWidth integer:int32
jellyfin_system_configuration trickplay_options.width_resolutions -> TrickplayOptions.WidthResolutions []integer:int32
jellyfin_system_configuration ui_culture -> ServerConfiguration.UICulture string
jellyfin_user (document) UserDto keeps Configuration, EnableAutoLogin, HasConfiguredEasyPassword, HasConfiguredPassword, HasPassword, Id, LastActivityDate, LastLoginDate, PrimaryImageAspectRatio, PrimaryImageTag, ServerId, ServerName
jellyfin_user Policy UserPolicy keeps InvalidLoginAttemptCount
jellyfin_user Policy.AccessSchedules[] AccessSchedule omits Id, UserId
jellyfin_user enable_all_folders -> UserDto.Policy.EnableAllFolders boolean read-missing-as=false
jellyfin_user id -> identity
jellyfin_user is_administrator -> UserDto.Policy.IsAdministrator boolean read-missing-as=false
jellyfin_user is_disabled -> UserDto.Policy.IsDisabled boolean read-missing-as=false
jellyfin_user name -> UserDto.Name string
jellyfin_user password -> elsewhere
jellyfin_user policy -> UserDto.Policy #UserPolicy document
jellyfin_user policy.access_schedules -> UserPolicy.AccessSchedules []#AccessSchedule
jellyfin_user policy.access_schedules.day_of_week -> AccessSchedule.DayOfWeek #DynamicDayOfWeek
jellyfin_user policy.access_schedules.end_hour -> AccessSchedule.EndHour number:double
jellyfin_user policy.access_schedules.start_hour -> AccessSchedule.StartHour number:double
jellyfin_user policy.allowed_tags -> UserPolicy.AllowedTags []string
jellyfin_user policy.authentication_provider_id -> UserPolicy.AuthenticationProviderId string
jellyfin_user policy.block_unrated_items -> UserPolicy.BlockUnratedItems []#UnratedItem
jellyfin_user policy.blocked_channels -> UserPolicy.BlockedChannels []string:uuid
jellyfin_user policy.blocked_media_folders -> UserPolicy.BlockedMediaFolders []string:uuid
jellyfin_user policy.blocked_tags -> UserPolicy.BlockedTags []string
jellyfin_user policy.enable_all_channels -> UserPolicy.EnableAllChannels boolean
jellyfin_user policy.enable_all_devices -> UserPolicy.EnableAllDevices boolean
jellyfin_user policy.enable_audio_playback_transcoding -> UserPolicy.EnableAudioPlaybackTranscoding boolean
jellyfin_user policy.enable_collection_management -> UserPolicy.EnableCollectionManagement boolean
jellyfin_user policy.enable_content_deletion -> UserPolicy.EnableContentDeletion boolean
jellyfin_user policy.enable_content_deletion_from_folders -> UserPolicy.EnableContentDeletionFromFolders []string
jellyfin_user policy.enable_content_downloading -> UserPolicy.EnableContentDownloading boolean
jellyfin_user policy.enable_live_tv_access -> UserPolicy.EnableLiveTvAccess boolean
jellyfin_user policy.enable_live_tv_management -> UserPolicy.EnableLiveTvManagement boolean
jellyfin_user policy.enable_lyric_management -> UserPolicy.EnableLyricManagement boolean
jellyfin_user policy.enable_media_conversion -> UserPolicy.EnableMediaConversion boolean
jellyfin_user policy.enable_media_playback -> UserPolicy.EnableMediaPlayback boolean
jellyfin_user policy.enable_playback_remuxing -> UserPolicy.EnablePlaybackRemuxing boolean
jellyfin_user policy.enable_public_sharing -> UserPolicy.EnablePublicSharing boolean
jellyfin_user policy.enable_remote_access -> UserPolicy.EnableRemoteAccess boolean
jellyfin_user policy.enable_remote_control_of_other_users -> UserPolicy.EnableRemoteControlOfOtherUsers boolean
jellyfin_user policy.enable_shared_device_control -> UserPolicy.EnableSharedDeviceControl boolean
jellyfin_user policy.enable_subtitle_management -> UserPolicy.EnableSubtitleManagement boolean
jellyfin_user policy.enable_sync_transcoding -> UserPolicy.EnableSyncTranscoding boolean
jellyfin_user policy.enable_user_preference_access -> UserPolicy.EnableUserPreferenceAccess boolean
jellyfin_user policy.enable_video_playback_transcoding -> UserPolicy.EnableVideoPlaybackTranscoding boolean
jellyfin_user policy.enabled_channels -> UserPolicy.EnabledChannels []string:uuid
jellyfin_user policy.enabled_devices -> UserPolicy.EnabledDevices []string
jellyfin_user policy.enabled_folders -> UserPolicy.EnabledFolders []string:uuid
jellyfin_user policy.force_remote_source_transcoding -> UserPolicy.ForceRemoteSourceTranscoding boolean
jellyfin_user policy.is_hidden -> UserPolicy.IsHidden boolean
jellyfin_user policy.login_attempts_before_lockout -> UserPolicy.LoginAttemptsBeforeLockout integer:int32
jellyfin_user policy.max_active_sessions -> UserPolicy.MaxActiveSessions integer:int32
jellyfin_user policy.max_parental_rating -> UserPolicy.MaxParentalRating integer:int32 null-clears
jellyfin_user policy.max_parental_sub_rating -> UserPolicy.MaxParentalSubRating integer:int32 null-clears
jellyfin_user policy.password_reset_provider_id -> UserPolicy.PasswordResetProviderId string
jellyfin_user policy.remote_client_bitrate_limit -> UserPolicy.RemoteClientBitrateLimit integer:int32
jellyfin_user policy.sync_play_access -> UserPolicy.SyncPlayAccess #SyncPlayUserAccessType
