op DELETE /Auth/Keys/{key} | params=key:path:required=true
op DELETE /Library/VirtualFolders | params=name:query:required=false,refreshLibrary:query:required=false
op DELETE /Plugins/{pluginId}/{version} | params=pluginId:path:required=true,version:path:required=true
op DELETE /Users/{userId} | params=userId:path:required=true
op GET /Auth/Keys | resp=#AuthenticationInfoQueryResult
op GET /Libraries/AvailableOptions | params=isNewLibrary:query:required=false,libraryContentType:query:required=false | resp=#LibraryOptionsResultDto
op GET /Library/VirtualFolders | resp=[]#VirtualFolderInfo
op GET /Packages | resp=[]#PackageInfo
op GET /Plugins | resp=[]#PluginInfo
op GET /Plugins/{pluginId}/Configuration | params=pluginId:path:required=true | resp=#BasePluginConfiguration
op GET /Repositories | resp=[]#RepositoryInfo
op GET /ScheduledTasks | params=isEnabled:query:required=false,isHidden:query:required=false | resp=[]#TaskInfo
op GET /ScheduledTasks/{taskId} | params=taskId:path:required=true | resp=#TaskInfo
op GET /Startup/User | resp=#StartupUserDto
op GET /System/Configuration | resp=#ServerConfiguration
op GET /System/Configuration/{key} | params=key:path:required=true | resp=string:binary
op GET /System/Info | resp=#SystemInfo
op GET /System/Info/Public | resp=#PublicSystemInfo
op GET /Users | params=isDisabled:query:required=false,isHidden:query:required=false | resp=[]#UserDto
op GET /Users/{userId} | params=userId:path:required=true | resp=#UserDto
op POST /Auth/Keys | params=app:query:required=true
op POST /Environment/ValidatePath | body=#ValidatePathDto
op POST /Library/VirtualFolders | params=collectionType:query:required=false,name:query:required=false,paths:query:required=false,refreshLibrary:query:required=false | body=#AddVirtualFolderDto
op POST /Library/VirtualFolders/LibraryOptions | body=#UpdateLibraryOptionsDto
op POST /Packages/Installed/{name} | params=assemblyGuid:query:required=false,name:path:required=true,repositoryUrl:query:required=false,version:query:required=false
op POST /Plugins/{pluginId}/Configuration | params=pluginId:path:required=true
op POST /Repositories | body=[]#RepositoryInfo
op POST /ScheduledTasks/{taskId}/Triggers | params=taskId:path:required=true | body=[]#TaskTriggerInfo
op POST /Startup/Complete
op POST /Startup/Configuration | body=#StartupConfigurationDto
op POST /Startup/User | body=#StartupUserDto
op POST /System/Configuration | body=#ServerConfiguration
op POST /System/Configuration/Branding | body=#BrandingOptionsDto
op POST /System/Configuration/{key} | params=key:path:required=true | body=any
op POST /System/Restart
op POST /Users | params=userId:query:required=false | body=#UserDto
op POST /Users/AuthenticateByName | body=#AuthenticateUserByName | resp=#AuthenticationResult
op POST /Users/New | body=#CreateUserByName | resp=#UserDto
op POST /Users/Password | params=userId:query:required=false | body=#UpdateUserPassword
op POST /Users/{userId}/Policy | params=userId:path:required=true | body=#UserPolicy
schema AccessSchedule.DayOfWeek: #DynamicDayOfWeek
schema AccessSchedule.EndHour: number:double
schema AccessSchedule.Id: integer:int32
schema AccessSchedule.StartHour: number:double
schema AccessSchedule.UserId: string:uuid
schema AddVirtualFolderDto.LibraryOptions: #LibraryOptions
schema AuthenticateUserByName.Pw: string
schema AuthenticateUserByName.Username: string
schema AuthenticationInfo.AccessToken: string
schema AuthenticationInfo.AppName: string
schema AuthenticationInfo.AppVersion: string
schema AuthenticationInfo.DateCreated: string:date-time
schema AuthenticationInfo.DateLastActivity: string:date-time
schema AuthenticationInfo.DateRevoked: string:date-time
schema AuthenticationInfo.DeviceId: string
schema AuthenticationInfo.DeviceName: string
schema AuthenticationInfo.Id: integer:int64
schema AuthenticationInfo.IsActive: boolean
schema AuthenticationInfo.UserId: string:uuid
schema AuthenticationInfo.UserName: string
schema AuthenticationInfoQueryResult.Items: []#AuthenticationInfo
schema AuthenticationInfoQueryResult.StartIndex: integer:int32
schema AuthenticationInfoQueryResult.TotalRecordCount: integer:int32
schema AuthenticationResult.AccessToken: string
schema AuthenticationResult.ServerId: string
schema AuthenticationResult.SessionInfo: #SessionInfoDto
schema AuthenticationResult.User: #UserDto
schema BasePluginConfiguration: {object}
schema BrandingOptionsDto.CustomCss: string
schema BrandingOptionsDto.LoginDisclaimer: string
schema BrandingOptionsDto.SplashscreenEnabled: boolean
schema CastReceiverApplication.Id: string
schema CastReceiverApplication.Name: string
schema CollectionTypeOptions: string enum(books|boxsets|homevideos|mixed|movies|music|musicvideos|tvshows)
schema CreateUserByName.Name: string
schema CreateUserByName.Password: string
schema DayOfWeek: string enum(Friday|Monday|Saturday|Sunday|Thursday|Tuesday|Wednesday)
schema DeinterlaceMethod: string enum(bwdif|yadif)
schema DownMixStereoAlgorithms: string enum(Ac4|Dave750|NightmodeDialogue|None|Rfc7845)
schema DynamicDayOfWeek: string enum(Everyday|Friday|Monday|Saturday|Sunday|Thursday|Tuesday|Wednesday|Weekday|Weekend)
schema EmbeddedSubtitleOptions: string enum(AllowAll|AllowImage|AllowNone|AllowText)
schema EncoderPreset: string enum(auto|fast|faster|medium|placebo|slow|slower|superfast|ultrafast|veryfast|veryslow)
schema EncodingOptions.AllowAv1Encoding: boolean
schema EncodingOptions.AllowHevcEncoding: boolean
schema EncodingOptions.AllowOnDemandMetadataBasedKeyframeExtractionForExtensions: []string
schema EncodingOptions.DeinterlaceDoubleRate: boolean
schema EncodingOptions.DeinterlaceMethod: #DeinterlaceMethod
schema EncodingOptions.DownMixAudioBoost: number:double
schema EncodingOptions.DownMixStereoAlgorithm: #DownMixStereoAlgorithms
schema EncodingOptions.EnableAudioVbr: boolean
schema EncodingOptions.EnableDecodingColorDepth10Hevc: boolean
schema EncodingOptions.EnableDecodingColorDepth10HevcRext: boolean
schema EncodingOptions.EnableDecodingColorDepth10Vp9: boolean
schema EncodingOptions.EnableDecodingColorDepth12HevcRext: boolean
schema EncodingOptions.EnableEnhancedNvdecDecoder: boolean
schema EncodingOptions.EnableFallbackFont: boolean
schema EncodingOptions.EnableHardwareEncoding: boolean
schema EncodingOptions.EnableIntelLowPowerH264HwEncoder: boolean
schema EncodingOptions.EnableIntelLowPowerHevcHwEncoder: boolean
schema EncodingOptions.EnableSegmentDeletion: boolean
schema EncodingOptions.EnableSubtitleExtraction: boolean
schema EncodingOptions.EnableThrottling: boolean
schema EncodingOptions.EnableTonemapping: boolean
schema EncodingOptions.EnableVideoToolboxTonemapping: boolean
schema EncodingOptions.EnableVppTonemapping: boolean
schema EncodingOptions.EncoderAppPath: string
schema EncodingOptions.EncoderAppPathDisplay: string
schema EncodingOptions.EncoderPreset: #EncoderPreset
schema EncodingOptions.EncodingThreadCount: integer:int32
schema EncodingOptions.FallbackFontPath: string
schema EncodingOptions.H264Crf: integer:int32
schema EncodingOptions.H265Crf: integer:int32
schema EncodingOptions.HardwareAccelerationType: #HardwareAccelerationType
schema EncodingOptions.HardwareDecodingCodecs: []string
schema EncodingOptions.MaxMuxingQueueSize: integer:int32
schema EncodingOptions.PreferSystemNativeHwDecoder: boolean
schema EncodingOptions.QsvDevice: string
schema EncodingOptions.SegmentKeepSeconds: integer:int32
schema EncodingOptions.ThrottleDelaySeconds: integer:int32
schema EncodingOptions.TonemappingAlgorithm: #TonemappingAlgorithm
schema EncodingOptions.TonemappingDesat: number:double
schema EncodingOptions.TonemappingMode: #TonemappingMode
schema EncodingOptions.TonemappingParam: number:double
schema EncodingOptions.TonemappingPeak: number:double
schema EncodingOptions.TonemappingRange: #TonemappingRange
schema EncodingOptions.TranscodingTempPath: string
schema EncodingOptions.VaapiDevice: string
schema EncodingOptions.VppTonemappingBrightness: number:double
schema EncodingOptions.VppTonemappingContrast: number:double
schema HardwareAccelerationType: string enum(amf|none|nvenc|qsv|rkmpp|v4l2m2m|vaapi|videotoolbox)
schema ImageOption.Limit: integer:int32
schema ImageOption.MinWidth: integer:int32
schema ImageOption.Type: #ImageType
schema ImageResolution: string enum(MatchSource|P1080|P144|P1440|P2160|P240|P360|P480|P720)
schema ImageSavingConvention: string enum(Compatible|Legacy)
schema ImageType: string enum(Art|Backdrop|Banner|Box|BoxRear|Chapter|Disc|Logo|Menu|Primary|Profile|Screenshot|Thumb)
schema InstallationInfo.Changelog: string
schema InstallationInfo.Checksum: string
schema InstallationInfo.Guid: string:uuid
schema InstallationInfo.Name: string
schema InstallationInfo.PackageInfo: #PackageInfo
schema InstallationInfo.SourceUrl: string
schema InstallationInfo.Version: string
schema LibraryOptionInfoDto.DefaultEnabled: boolean
schema LibraryOptionInfoDto.Name: string
schema LibraryOptions.AllowEmbeddedSubtitles: #EmbeddedSubtitleOptions
schema LibraryOptions.AutomaticRefreshIntervalDays: integer:int32
schema LibraryOptions.AutomaticallyAddToCollection: boolean
schema LibraryOptions.CustomTagDelimiters: []string
schema LibraryOptions.DelimiterWhitelist: []string
schema LibraryOptions.DisabledLocalMetadataReaders: []string
schema LibraryOptions.DisabledLyricFetchers: []string
schema LibraryOptions.DisabledMediaSegmentProviders: []string
schema LibraryOptions.DisabledSubtitleFetchers: []string
schema LibraryOptions.EnableAutomaticSeriesGrouping: boolean
schema LibraryOptions.EnableChapterImageExtraction: boolean
schema LibraryOptions.EnableEmbeddedEpisodeInfos: boolean
schema LibraryOptions.EnableEmbeddedExtrasTitles: boolean
schema LibraryOptions.EnableEmbeddedTitles: boolean
schema LibraryOptions.EnableInternetProviders: boolean
schema LibraryOptions.EnableLUFSScan: boolean
schema LibraryOptions.EnablePhotos: boolean
schema LibraryOptions.EnableRealtimeMonitor: boolean
schema LibraryOptions.EnableTrickplayImageExtraction: boolean
schema LibraryOptions.Enabled: boolean
schema LibraryOptions.ExtractChapterImagesDuringLibraryScan: boolean
schema LibraryOptions.ExtractTrickplayImagesDuringLibraryScan: boolean
schema LibraryOptions.LocalMetadataReaderOrder: []string
schema LibraryOptions.LyricFetcherOrder: []string
schema LibraryOptions.MediaSegmentProviderOrder: []string
schema LibraryOptions.MetadataCountryCode: string
schema LibraryOptions.MetadataSavers: []string
schema LibraryOptions.PathInfos: []#MediaPathInfo
schema LibraryOptions.PreferNonstandardArtistsTag: boolean
schema LibraryOptions.PreferredMetadataLanguage: string
schema LibraryOptions.RequirePerfectSubtitleMatch: boolean
schema LibraryOptions.SaveLocalMetadata: boolean
schema LibraryOptions.SaveLyricsWithMedia: boolean
schema LibraryOptions.SaveSubtitlesWithMedia: boolean
schema LibraryOptions.SaveTrickplayWithMedia: boolean
schema LibraryOptions.SeasonZeroDisplayName: string
schema LibraryOptions.SkipSubtitlesIfAudioTrackMatches: boolean
schema LibraryOptions.SkipSubtitlesIfEmbeddedSubtitlesPresent: boolean
schema LibraryOptions.SubtitleDownloadLanguages: []string
schema LibraryOptions.SubtitleFetcherOrder: []string
schema LibraryOptions.TypeOptions: []#TypeOptions
schema LibraryOptions.UseCustomTagDelimiters: boolean
schema LibraryOptionsResultDto.LyricFetchers: []#LibraryOptionInfoDto
schema LibraryOptionsResultDto.MediaSegmentProviders: []#LibraryOptionInfoDto
schema LibraryOptionsResultDto.MetadataReaders: []#LibraryOptionInfoDto
schema LibraryOptionsResultDto.MetadataSavers: []#LibraryOptionInfoDto
schema LibraryOptionsResultDto.SubtitleFetchers: []#LibraryOptionInfoDto
schema LibraryOptionsResultDto.TypeOptions: []#LibraryTypeOptionsDto
schema LibraryTypeOptionsDto.DefaultImageOptions: []#ImageOption
schema LibraryTypeOptionsDto.ImageFetchers: []#LibraryOptionInfoDto
schema LibraryTypeOptionsDto.MetadataFetchers: []#LibraryOptionInfoDto
schema LibraryTypeOptionsDto.SupportedImageTypes: []#ImageType
schema LibraryTypeOptionsDto.Type: string
schema ListingsProviderInfo.ChannelMappings: []#NameValuePair
schema ListingsProviderInfo.Country: string
schema ListingsProviderInfo.EnableAllTuners: boolean
schema ListingsProviderInfo.EnabledTuners: []string
schema ListingsProviderInfo.Id: string
schema ListingsProviderInfo.KidsCategories: []string
schema ListingsProviderInfo.ListingsId: string
schema ListingsProviderInfo.MovieCategories: []string
schema ListingsProviderInfo.MoviePrefix: string
schema ListingsProviderInfo.NewsCategories: []string
schema ListingsProviderInfo.Password: string
schema ListingsProviderInfo.Path: string
schema ListingsProviderInfo.PreferredLanguage: string
schema ListingsProviderInfo.SportsCategories: []string
schema ListingsProviderInfo.Type: string
schema ListingsProviderInfo.UserAgent: string
schema ListingsProviderInfo.Username: string
schema ListingsProviderInfo.ZipCode: string
schema LiveTvOptions.EnableOriginalAudioWithEncodedRecordings: boolean
schema LiveTvOptions.EnableRecordingSubfolders: boolean
schema LiveTvOptions.GuideDays: integer:int32
schema LiveTvOptions.ListingProviders: []#ListingsProviderInfo
schema LiveTvOptions.MediaLocationsCreated: []string
schema LiveTvOptions.MovieRecordingPath: string
schema LiveTvOptions.PostPaddingSeconds: integer:int32
schema LiveTvOptions.PrePaddingSeconds: integer:int32
schema LiveTvOptions.RecordingPath: string
schema LiveTvOptions.RecordingPostProcessor: string
schema LiveTvOptions.RecordingPostProcessorArguments: string
schema LiveTvOptions.SaveRecordingImages: boolean
schema LiveTvOptions.SaveRecordingNFO: boolean
schema LiveTvOptions.SeriesRecordingPath: string
schema LiveTvOptions.TunerHosts: []#TunerHostInfo
schema MediaPathInfo.Path: string
schema MetadataConfiguration.UseFileCreationTimeForDateAdded: boolean
schema MetadataOptions.DisabledImageFetchers: []string
schema MetadataOptions.DisabledMetadataFetchers: []string
schema MetadataOptions.DisabledMetadataSavers: []string
schema MetadataOptions.ImageFetcherOrder: []string
schema MetadataOptions.ItemType: string
schema MetadataOptions.LocalMetadataReaderOrder: []string
schema MetadataOptions.MetadataFetcherOrder: []string
schema NameValuePair.Name: string
schema NameValuePair.Value: string
schema NetworkConfiguration.AutoDiscovery: boolean
schema NetworkConfiguration.BaseUrl: string
schema NetworkConfiguration.CertificatePassword: string
schema NetworkConfiguration.CertificatePath: string
schema NetworkConfiguration.EnableHttps: boolean
schema NetworkConfiguration.EnableIPv4: boolean
schema NetworkConfiguration.EnableIPv6: boolean
schema NetworkConfiguration.EnablePublishedServerUriByRequest: boolean
schema NetworkConfiguration.EnableRemoteAccess: boolean
schema NetworkConfiguration.EnableUPnP: boolean
schema NetworkConfiguration.IgnoreVirtualInterfaces: boolean
schema NetworkConfiguration.InternalHttpPort: integer:int32
schema NetworkConfiguration.InternalHttpsPort: integer:int32
schema NetworkConfiguration.IsRemoteIPFilterBlacklist: boolean
schema NetworkConfiguration.KnownProxies: []string
schema NetworkConfiguration.LocalNetworkAddresses: []string
schema NetworkConfiguration.LocalNetworkSubnets: []string
schema NetworkConfiguration.PublicHttpPort: integer:int32
schema NetworkConfiguration.PublicHttpsPort: integer:int32
schema NetworkConfiguration.PublishedServerUriBySubnet: []string
schema NetworkConfiguration.RemoteIPFilter: []string
schema NetworkConfiguration.RequireHttps: boolean
schema NetworkConfiguration.VirtualInterfaceNames: []string
schema PackageInfo.category: string
schema PackageInfo.description: string
schema PackageInfo.guid: string:uuid
schema PackageInfo.imageUrl: string
schema PackageInfo.name: string
schema PackageInfo.overview: string
schema PackageInfo.owner: string
schema PackageInfo.versions: []#VersionInfo
schema PathSubstitution.From: string
schema PathSubstitution.To: string
schema PluginInfo.CanUninstall: boolean
schema PluginInfo.ConfigurationFileName: string
schema PluginInfo.Description: string
schema PluginInfo.HasImage: boolean
schema PluginInfo.Id: string:uuid
schema PluginInfo.Name: string
schema PluginInfo.Status: #PluginStatus
schema PluginInfo.Version: string
schema PluginStatus: string enum(Active|Deleted|Disabled|Malfunctioned|NotSupported|Restart|Superceded|Superseded)
schema ProcessPriorityClass: string enum(AboveNormal|BelowNormal|High|Idle|Normal|RealTime)
schema PublicSystemInfo.Id: string
schema PublicSystemInfo.LocalAddress: string
schema PublicSystemInfo.OperatingSystem: string
schema PublicSystemInfo.ProductName: string
schema PublicSystemInfo.ServerName: string
schema PublicSystemInfo.StartupWizardCompleted: boolean
schema PublicSystemInfo.Version: string
schema RepositoryInfo.Enabled: boolean
schema RepositoryInfo.Name: string
schema RepositoryInfo.Url: string
schema ServerConfiguration.ActivityLogRetentionDays: integer:int32
schema ServerConfiguration.AllowClientLogUpload: boolean
schema ServerConfiguration.CachePath: string
schema ServerConfiguration.CacheSize: integer:int32
schema ServerConfiguration.CastReceiverApplications: []#CastReceiverApplication
schema ServerConfiguration.ChapterImageResolution: #ImageResolution
schema ServerConfiguration.CodecsUsed: []string
schema ServerConfiguration.ContentTypes: []#NameValuePair
schema ServerConfiguration.CorsHosts: []string
schema ServerConfiguration.DisableLiveTvChannelUserDataName: boolean
schema ServerConfiguration.DisplaySpecialsWithinSeasons: boolean
schema ServerConfiguration.DummyChapterDuration: integer:int32
schema ServerConfiguration.EnableCaseSensitiveItemIds: boolean
schema ServerConfiguration.EnableExternalContentInSuggestions: boolean
schema ServerConfiguration.EnableFolderView: boolean
schema ServerConfiguration.EnableGroupingMoviesIntoCollections: boolean
schema ServerConfiguration.EnableGroupingShowsIntoCollections: boolean
schema ServerConfiguration.EnableLegacyAuthorization: boolean
schema ServerConfiguration.EnableMetrics: boolean
schema ServerConfiguration.EnableNormalizedItemByNameIds: boolean
schema ServerConfiguration.EnableSlowResponseWarning: boolean
schema ServerConfiguration.ImageExtractionTimeoutMs: integer:int32
schema ServerConfiguration.ImageSavingConvention: #ImageSavingConvention
schema ServerConfiguration.InactiveSessionThreshold: integer:int32
schema ServerConfiguration.IsPortAuthorized: boolean
schema ServerConfiguration.IsStartupWizardCompleted: boolean
schema ServerConfiguration.LibraryMetadataRefreshConcurrency: integer:int32
schema ServerConfiguration.LibraryMonitorDelay: integer:int32
schema ServerConfiguration.LibraryScanFanoutConcurrency: integer:int32
schema ServerConfiguration.LibraryUpdateDuration: integer:int32
schema ServerConfiguration.LogFileRetentionDays: integer:int32
schema ServerConfiguration.MaxAudiobookResume: integer:int32
schema ServerConfiguration.MaxResumePct: integer:int32
schema ServerConfiguration.MetadataCountryCode: string
schema ServerConfiguration.MetadataOptions: []#MetadataOptions
schema ServerConfiguration.MetadataPath: string
schema ServerConfiguration.MinAudiobookResume: integer:int32
schema ServerConfiguration.MinResumeDurationSeconds: integer:int32
schema ServerConfiguration.MinResumePct: integer:int32
schema ServerConfiguration.ParallelImageEncodingLimit: integer:int32
schema ServerConfiguration.PathSubstitutions: []#PathSubstitution
schema ServerConfiguration.PluginRepositories: []#RepositoryInfo
schema ServerConfiguration.PreferredMetadataLanguage: string
schema ServerConfiguration.PreviousVersion: string
schema ServerConfiguration.PreviousVersionStr: string
schema ServerConfiguration.QuickConnectAvailable: boolean
schema ServerConfiguration.RemoteClientBitrateLimit: integer:int32
schema ServerConfiguration.SaveMetadataHidden: boolean
schema ServerConfiguration.ServerName: string
schema ServerConfiguration.SkipDeserializationForBasicTypes: boolean
schema ServerConfiguration.SlowResponseThresholdMs: integer:int64
schema ServerConfiguration.SortRemoveCharacters: []string
schema ServerConfiguration.SortRemoveWords: []string
schema ServerConfiguration.SortReplaceCharacters: []string
schema ServerConfiguration.TrickplayOptions: #TrickplayOptions
schema ServerConfiguration.UICulture: string
schema StartupConfigurationDto.MetadataCountryCode: string
schema StartupConfigurationDto.PreferredMetadataLanguage: string
schema StartupConfigurationDto.ServerName: string
schema StartupConfigurationDto.UICulture: string
schema StartupUserDto.Name: string
schema StartupUserDto.Password: string
schema SubtitlePlaybackMode: string enum(Always|Default|None|OnlyForced|Smart)
schema SyncPlayUserAccessType: string enum(CreateAndJoinGroups|JoinGroups|None)
schema SystemInfo.CachePath: string
schema SystemInfo.CanLaunchWebBrowser: boolean
schema SystemInfo.CanSelfRestart: boolean
schema SystemInfo.CastReceiverApplications: []#CastReceiverApplication
schema SystemInfo.CompletedInstallations: []#InstallationInfo
schema SystemInfo.EncoderLocation: string
schema SystemInfo.HasPendingRestart: boolean
schema SystemInfo.HasUpdateAvailable: boolean
schema SystemInfo.Id: string
schema SystemInfo.InternalMetadataPath: string
schema SystemInfo.IsShuttingDown: boolean
schema SystemInfo.ItemsByNamePath: string
schema SystemInfo.LocalAddress: string
schema SystemInfo.LogPath: string
schema SystemInfo.OperatingSystem: string
schema SystemInfo.OperatingSystemDisplayName: string
schema SystemInfo.PackageName: string
schema SystemInfo.ProductName: string
schema SystemInfo.ProgramDataPath: string
schema SystemInfo.ServerName: string
schema SystemInfo.StartupWizardCompleted: boolean
schema SystemInfo.SupportsLibraryMonitor: boolean
schema SystemInfo.SystemArchitecture: string
schema SystemInfo.TranscodingTempPath: string
schema SystemInfo.Version: string
schema SystemInfo.WebPath: string
schema SystemInfo.WebSocketPortNumber: integer:int32
schema TaskCompletionStatus: string enum(Aborted|Cancelled|Completed|Failed)
schema TaskInfo.Category: string
schema TaskInfo.CurrentProgressPercentage: number:double
schema TaskInfo.Description: string
schema TaskInfo.Id: string
schema TaskInfo.IsHidden: boolean
schema TaskInfo.Key: string
schema TaskInfo.LastExecutionResult: #TaskResult
schema TaskInfo.Name: string
schema TaskInfo.State: #TaskState
schema TaskInfo.Triggers: []#TaskTriggerInfo
schema TaskResult.EndTimeUtc: string:date-time
schema TaskResult.ErrorMessage: string
schema TaskResult.Id: string
schema TaskResult.Key: string
schema TaskResult.LongErrorMessage: string
schema TaskResult.Name: string
schema TaskResult.StartTimeUtc: string:date-time
schema TaskResult.Status: #TaskCompletionStatus
schema TaskState: string enum(Cancelling|Idle|Running)
schema TaskTriggerInfo.DayOfWeek: #DayOfWeek
schema TaskTriggerInfo.IntervalTicks: integer:int64
schema TaskTriggerInfo.MaxRuntimeTicks: integer:int64
schema TaskTriggerInfo.TimeOfDayTicks: integer:int64
schema TaskTriggerInfo.Type: #TaskTriggerInfoType
schema TaskTriggerInfoType: string enum(DailyTrigger|IntervalTrigger|StartupTrigger|WeeklyTrigger)
schema TonemappingAlgorithm: string enum(bt2390|clip|gamma|hable|linear|mobius|none|reinhard)
schema TonemappingMode: string enum(auto|itp|lum|max|rgb)
schema TonemappingRange: string enum(auto|pc|tv)
schema TrickplayOptions.EnableHwAcceleration: boolean
schema TrickplayOptions.EnableHwEncoding: boolean
schema TrickplayOptions.EnableKeyFrameOnlyExtraction: boolean
schema TrickplayOptions.Interval: integer:int32
schema TrickplayOptions.JpegQuality: integer:int32
schema TrickplayOptions.ProcessPriority: #ProcessPriorityClass
schema TrickplayOptions.ProcessThreads: integer:int32
schema TrickplayOptions.Qscale: integer:int32
schema TrickplayOptions.ScanBehavior: #TrickplayScanBehavior
schema TrickplayOptions.TileHeight: integer:int32
schema TrickplayOptions.TileWidth: integer:int32
schema TrickplayOptions.WidthResolutions: []integer:int32
schema TrickplayScanBehavior: string enum(Blocking|NonBlocking)
schema TunerHostInfo.AllowFmp4TranscodingContainer: boolean
schema TunerHostInfo.AllowHWTranscoding: boolean
schema TunerHostInfo.AllowStreamSharing: boolean
schema TunerHostInfo.DeviceId: string
schema TunerHostInfo.EnableStreamLooping: boolean
schema TunerHostInfo.FallbackMaxStreamingBitrate: integer:int32
schema TunerHostInfo.FriendlyName: string
schema TunerHostInfo.Id: string
schema TunerHostInfo.IgnoreDts: boolean
schema TunerHostInfo.ImportFavoritesOnly: boolean
schema TunerHostInfo.ReadAtNativeFramerate: boolean
schema TunerHostInfo.Source: string
schema TunerHostInfo.TunerCount: integer:int32
schema TunerHostInfo.Type: string
schema TunerHostInfo.Url: string
schema TunerHostInfo.UserAgent: string
schema TypeOptions.ImageFetcherOrder: []string
schema TypeOptions.ImageFetchers: []string
schema TypeOptions.ImageOptions: []#ImageOption
schema TypeOptions.MetadataFetcherOrder: []string
schema TypeOptions.MetadataFetchers: []string
schema TypeOptions.Type: string
schema UnratedItem: string enum(Book|ChannelContent|LiveTvChannel|LiveTvProgram|Movie|Music|Other|Series|Trailer)
schema UpdateLibraryOptionsDto.Id: string:uuid
schema UpdateLibraryOptionsDto.LibraryOptions: #LibraryOptions
schema UpdateUserPassword.CurrentPassword: string
schema UpdateUserPassword.CurrentPw: string
schema UpdateUserPassword.NewPw: string
schema UpdateUserPassword.ResetPassword: boolean
schema UserConfiguration.AudioLanguagePreference: string
schema UserConfiguration.CastReceiverId: string
schema UserConfiguration.DisplayCollectionsView: boolean
schema UserConfiguration.DisplayMissingEpisodes: boolean
schema UserConfiguration.EnableLocalPassword: boolean
schema UserConfiguration.EnableNextEpisodeAutoPlay: boolean
schema UserConfiguration.GroupedFolders: []string:uuid
schema UserConfiguration.HidePlayedInLatest: boolean
schema UserConfiguration.LatestItemsExcludes: []string:uuid
schema UserConfiguration.MyMediaExcludes: []string:uuid
schema UserConfiguration.OrderedViews: []string:uuid
schema UserConfiguration.PlayDefaultAudioTrack: boolean
schema UserConfiguration.RememberAudioSelections: boolean
schema UserConfiguration.RememberSubtitleSelections: boolean
schema UserConfiguration.SubtitleLanguagePreference: string
schema UserConfiguration.SubtitleMode: #SubtitlePlaybackMode
schema UserDto.Configuration: #UserConfiguration
schema UserDto.EnableAutoLogin: boolean
schema UserDto.HasConfiguredEasyPassword: boolean
schema UserDto.HasConfiguredPassword: boolean
schema UserDto.HasPassword: boolean
schema UserDto.Id: string:uuid
schema UserDto.LastActivityDate: string:date-time
schema UserDto.LastLoginDate: string:date-time
schema UserDto.Name: string
schema UserDto.Policy: #UserPolicy
schema UserDto.PrimaryImageAspectRatio: number:double
schema UserDto.PrimaryImageTag: string
schema UserDto.ServerId: string
schema UserDto.ServerName: string
schema UserPolicy.AccessSchedules: []#AccessSchedule
schema UserPolicy.AllowedTags: []string
schema UserPolicy.AuthenticationProviderId: string
schema UserPolicy.BlockUnratedItems: []#UnratedItem
schema UserPolicy.BlockedChannels: []string:uuid
schema UserPolicy.BlockedMediaFolders: []string:uuid
schema UserPolicy.BlockedTags: []string
schema UserPolicy.EnableAllChannels: boolean
schema UserPolicy.EnableAllDevices: boolean
schema UserPolicy.EnableAllFolders: boolean
schema UserPolicy.EnableAudioPlaybackTranscoding: boolean
schema UserPolicy.EnableCollectionManagement: boolean
schema UserPolicy.EnableContentDeletion: boolean
schema UserPolicy.EnableContentDeletionFromFolders: []string
schema UserPolicy.EnableContentDownloading: boolean
schema UserPolicy.EnableLiveTvAccess: boolean
schema UserPolicy.EnableLiveTvManagement: boolean
schema UserPolicy.EnableLyricManagement: boolean
schema UserPolicy.EnableMediaConversion: boolean
schema UserPolicy.EnableMediaPlayback: boolean
schema UserPolicy.EnablePlaybackRemuxing: boolean
schema UserPolicy.EnablePublicSharing: boolean
schema UserPolicy.EnableRemoteAccess: boolean
schema UserPolicy.EnableRemoteControlOfOtherUsers: boolean
schema UserPolicy.EnableSharedDeviceControl: boolean
schema UserPolicy.EnableSubtitleManagement: boolean
schema UserPolicy.EnableSyncTranscoding: boolean
schema UserPolicy.EnableUserPreferenceAccess: boolean
schema UserPolicy.EnableVideoPlaybackTranscoding: boolean
schema UserPolicy.EnabledChannels: []string:uuid
schema UserPolicy.EnabledDevices: []string
schema UserPolicy.EnabledFolders: []string:uuid
schema UserPolicy.ForceRemoteSourceTranscoding: boolean
schema UserPolicy.InvalidLoginAttemptCount: integer:int32
schema UserPolicy.IsAdministrator: boolean
schema UserPolicy.IsDisabled: boolean
schema UserPolicy.IsHidden: boolean
schema UserPolicy.LoginAttemptsBeforeLockout: integer:int32
schema UserPolicy.MaxActiveSessions: integer:int32
schema UserPolicy.MaxParentalRating: integer:int32
schema UserPolicy.MaxParentalSubRating: integer:int32
schema UserPolicy.PasswordResetProviderId: string
schema UserPolicy.RemoteClientBitrateLimit: integer:int32
schema UserPolicy.SyncPlayAccess: #SyncPlayUserAccessType
schema ValidatePathDto.IsFile: boolean
schema ValidatePathDto.Path: string
schema ValidatePathDto.ValidateWritable: boolean
schema VersionInfo.VersionNumber: string
schema VersionInfo.changelog: string
schema VersionInfo.checksum: string
schema VersionInfo.repositoryName: string
schema VersionInfo.repositoryUrl: string
schema VersionInfo.sourceUrl: string
schema VersionInfo.targetAbi: string
schema VersionInfo.timestamp: string
schema VersionInfo.version: string
schema VirtualFolderInfo.CollectionType: #CollectionTypeOptions
schema VirtualFolderInfo.ItemId: string
schema VirtualFolderInfo.LibraryOptions: #LibraryOptions
schema VirtualFolderInfo.Locations: []string
schema VirtualFolderInfo.Name: string
schema VirtualFolderInfo.PrimaryImageItemId: string
schema VirtualFolderInfo.RefreshProgress: number:double
schema VirtualFolderInfo.RefreshStatus: string
undocumented GET /api-docs/openapi.json
